V3 3
FL "D:/New folder/assignment 2/Minula/New folder/vhdl/FSM.vhd" 2021/01/09.18:52:32 P.68d
EN work/FSM 1610198554 \
      FL "D:/New folder/assignment 2/Minula/New folder/vhdl/FSM.vhd" \
      PB ieee/std_logic_1164 1370735607
AR work/FSM/synthesis1 1610198555 \
      FL "D:/New folder/assignment 2/Minula/New folder/vhdl/FSM.vhd" EN work/FSM 1610198554
