AR fsm behavior "D:/New folder/assignment 2/Minula/New folder/abcd/abcd.vhd" sub00/vhpl03 1610199256
AR sd detector "D:/New folder/assignment 2/Minula/New folder/abcd/abcd.vhd" sub00/vhpl01 1610195757
EN sd NULL "D:/New folder/assignment 2/Minula/New folder/abcd/abcd.vhd" sub00/vhpl00 1610195756
EN fsm NULL "D:/New folder/assignment 2/Minula/New folder/abcd/abcd.vhd" sub00/vhpl02 1610199255
